// Jest Snapshot v1, https://goo.gl/fbAQLP

exports[`initPlugins plugins with bad values throw user-friendly error message 1`] = `
" => Bad Docusaurus plugin value as path [plugins,0].
Example valid plugin config:
{
  plugins: [
    [\\"@docusaurus/plugin-content-docs\\",options],
    \\"./myPlugin\\",
    [\\"./myPlugin\\",{someOption: 42}],
    function myPlugin() { },
    [function myPlugin() { },options]
  ],
};

 => Bad Docusaurus plugin value as path [plugins,1].
Example valid plugin config:
{
  plugins: [
    [\\"@docusaurus/plugin-content-docs\\",options],
    \\"./myPlugin\\",
    [\\"./myPlugin\\",{someOption: 42}],
    function myPlugin() { },
    [function myPlugin() { },options]
  ],
};

"
`;

exports[`sortConfig should sort route config correctly 1`] = `
Array [
  Object {
    "component": "",
    "path": "/community",
  },
  Object {
    "component": "",
    "path": "/some-page",
  },
  Object {
    "component": "",
    "path": "/docs",
    "routes": Array [
      Object {
        "component": "",
        "path": "/docs/someDoc",
      },
      Object {
        "component": "",
        "path": "/docs/someOtherDoc",
      },
    ],
  },
  Object {
    "component": "",
    "path": "/",
  },
  Object {
    "component": "",
    "path": "/",
    "routes": Array [
      Object {
        "component": "",
        "path": "/someDoc",
      },
      Object {
        "component": "",
        "path": "/someOtherDoc",
      },
    ],
  },
  Object {
    "component": "",
    "path": "/",
    "routes": Array [
      Object {
        "component": "",
        "path": "/subroute",
      },
    ],
  },
]
`;
